// Jest Snapshot v1, https://goo.gl/fbAQLP

exports[`OnlineImportModal component renders correctly OnlineImportModal Component render should match snapshot 1`] = `
ShallowWrapper {
  Symbol(enzyme.__root__): [Circular],
  Symbol(enzyme.__unrendered__): <MuiThemeProvider>
    <Dialog
      actions={
        Array [
          <button
            className="btn-second"
            label="buttons.cancel_button"
            onClick={[Function]}
          >
            buttons.cancel_button
          </button>,
          <button
            className="btn-prime"
            disabled={true}
            label="buttons.import_button"
            onClick={[Function]}
          >
            <Glyphicon
              bsClass="glyphicon"
              glyph="cloud-download"
              style={Object {}}
            />
             
            buttons.import_button
          </button>,
        ]
      }
      autoDetectWindowHeight={true}
      autoScrollBodyContent={true}
      contentStyle={
        Object {
          "height": "100%",
          "maxWidth": "900px",
          "width": "900px",
        }
      }
      modal={false}
      open={true}
      repositionOnUpdate={true}
      style={
        Object {
          "padding": "0px",
        }
      }
    >
      <CardHeader
        avatar={null}
        style={
          Object {
            "backgroundColor": "var(--accent-color-dark)",
            "color": "var(--reverse-color)",
            "margin": "-44px -24px -24px -24px",
            "padding": "15px",
          }
        }
      >
        <div>
          <span>
            projects.import_from_d43
          </span>
          <Glyphicon
            bsClass="glyphicon"
            glyph="remove"
            onClick={[Function]}
            style={
              Object {
                "color": "var(--reverse-color)",
                "cursor": "pointer",
                "float": "right",
                "fontSize": "18px",
              }
            }
          />
        </div>
      </CardHeader>
      <br />
      <div
        style={
          Object {
            "alignItems": "center",
            "display": "flex",
            "justifyContent": "center",
            "padding": "20px 20px 0px",
          }
        }
      >
        <p>
          projects.supports_any_book
        </p>
      </div>
      <URLInput
        handleURLInputChange={[Function]}
        importLink=""
        translate={[Function]}
      />
      <SearchOptions
        actions={
          Object {
            "closeOnlineImportModal": [Function],
            "handleURLInputChange": [Function],
            "loadProjectFromLink": [Function],
            "searchReposByQuery": [Function],
            "searchReposByUser": [Function],
          }
        }
        importLink=""
        translate={[Function]}
        username="manny-test"
      />
      <SearchResults
        handleURLInputChange={[Function]}
        importLink=""
        repos={
          Array [
            Object {
              "clone_url": "https://git.door43.org/manny-test/hi_tit_text_reg.git",
              "description": "ts-desktop: hi_tit_text_reg",
              "full_name": "manny-test/hi_tit_text_reg",
              "html_url": "https://git.door43.org/manny-test/hi_tit_text_reg",
              "id": 11341,
              "name": "hi_tit_text_reg",
              "owner": Object {
                "avatar_url": "https://secure.gravatar.com/avatar/c7dd170301474c6fedfe344f7a095a05",
                "email": "manny-test@noreply.door43.org",
                "full_name": "manny test",
                "id": 4989,
                "login": "manny-test",
                "username": "manny-test",
              },
              "ssh_url": "git@git.door43.org:manny-test/hi_tit_text_reg.git",
            },
          ]
        }
        translate={[Function]}
      />
    </Dialog>
  </MuiThemeProvider>,
  Symbol(enzyme.__renderer__): Object {
    "batchedUpdates": [Function],
    "checkPropTypes": [Function],
    "getNode": [Function],
    "render": [Function],
    "simulateError": [Function],
    "simulateEvent": [Function],
    "unmount": [Function],
  },
  Symbol(enzyme.__node__): Object {
    "instance": null,
    "key": undefined,
    "nodeType": "class",
    "props": Object {
      "actions": Array [
        <button
          className="btn-second"
          label="buttons.cancel_button"
          onClick={[Function]}
        >
          buttons.cancel_button
        </button>,
        <button
          className="btn-prime"
          disabled={true}
          label="buttons.import_button"
          onClick={[Function]}
        >
          <Glyphicon
            bsClass="glyphicon"
            glyph="cloud-download"
            style={Object {}}
          />
           
          buttons.import_button
        </button>,
      ],
      "autoDetectWindowHeight": true,
      "autoScrollBodyContent": true,
      "children": Array [
        <CardHeader
          avatar={null}
          style={
            Object {
              "backgroundColor": "var(--accent-color-dark)",
              "color": "var(--reverse-color)",
              "margin": "-44px -24px -24px -24px",
              "padding": "15px",
            }
          }
        >
          <div>
            <span>
              projects.import_from_d43
            </span>
            <Glyphicon
              bsClass="glyphicon"
              glyph="remove"
              onClick={[Function]}
              style={
                Object {
                  "color": "var(--reverse-color)",
                  "cursor": "pointer",
                  "float": "right",
                  "fontSize": "18px",
                }
              }
            />
          </div>
        </CardHeader>,
        <br />,
        <div
          style={
            Object {
              "alignItems": "center",
              "display": "flex",
              "justifyContent": "center",
              "padding": "20px 20px 0px",
            }
          }
        >
          <p>
            projects.supports_any_book
          </p>
        </div>,
        <URLInput
          handleURLInputChange={[Function]}
          importLink=""
          translate={[Function]}
        />,
        <SearchOptions
          actions={
            Object {
              "closeOnlineImportModal": [Function],
              "handleURLInputChange": [Function],
              "loadProjectFromLink": [Function],
              "searchReposByQuery": [Function],
              "searchReposByUser": [Function],
            }
          }
          importLink=""
          translate={[Function]}
          username="manny-test"
        />,
        <SearchResults
          handleURLInputChange={[Function]}
          importLink=""
          repos={
            Array [
              Object {
                "clone_url": "https://git.door43.org/manny-test/hi_tit_text_reg.git",
                "description": "ts-desktop: hi_tit_text_reg",
                "full_name": "manny-test/hi_tit_text_reg",
                "html_url": "https://git.door43.org/manny-test/hi_tit_text_reg",
                "id": 11341,
                "name": "hi_tit_text_reg",
                "owner": Object {
                  "avatar_url": "https://secure.gravatar.com/avatar/c7dd170301474c6fedfe344f7a095a05",
                  "email": "manny-test@noreply.door43.org",
                  "full_name": "manny test",
                  "id": 4989,
                  "login": "manny-test",
                  "username": "manny-test",
                },
                "ssh_url": "git@git.door43.org:manny-test/hi_tit_text_reg.git",
              },
            ]
          }
          translate={[Function]}
        />,
      ],
      "contentStyle": Object {
        "height": "100%",
        "maxWidth": "900px",
        "width": "900px",
      },
      "modal": false,
      "open": true,
      "repositionOnUpdate": true,
      "style": Object {
        "padding": "0px",
      },
    },
    "ref": null,
    "rendered": Array [
      Object {
        "instance": null,
        "key": undefined,
        "nodeType": "class",
        "props": Object {
          "avatar": null,
          "children": <div>
            <span>
              projects.import_from_d43
            </span>
            <Glyphicon
              bsClass="glyphicon"
              glyph="remove"
              onClick={[Function]}
              style={
                Object {
                  "color": "var(--reverse-color)",
                  "cursor": "pointer",
                  "float": "right",
                  "fontSize": "18px",
                }
              }
            />
          </div>,
          "style": Object {
            "backgroundColor": "var(--accent-color-dark)",
            "color": "var(--reverse-color)",
            "margin": "-44px -24px -24px -24px",
            "padding": "15px",
          },
        },
        "ref": null,
        "rendered": Object {
          "instance": null,
          "key": undefined,
          "nodeType": "host",
          "props": Object {
            "children": Array [
              <span>
                projects.import_from_d43
              </span>,
              <Glyphicon
                bsClass="glyphicon"
                glyph="remove"
                onClick={[Function]}
                style={
                  Object {
                    "color": "var(--reverse-color)",
                    "cursor": "pointer",
                    "float": "right",
                    "fontSize": "18px",
                  }
                }
              />,
            ],
          },
          "ref": null,
          "rendered": Array [
            Object {
              "instance": null,
              "key": undefined,
              "nodeType": "host",
              "props": Object {
                "children": "projects.import_from_d43",
              },
              "ref": null,
              "rendered": "projects.import_from_d43",
              "type": "span",
            },
            Object {
              "instance": null,
              "key": undefined,
              "nodeType": "class",
              "props": Object {
                "bsClass": "glyphicon",
                "glyph": "remove",
                "onClick": [Function],
                "style": Object {
                  "color": "var(--reverse-color)",
                  "cursor": "pointer",
                  "float": "right",
                  "fontSize": "18px",
                },
              },
              "ref": null,
              "rendered": null,
              "type": [Function],
            },
          ],
          "type": "div",
        },
        "type": [Function],
      },
      Object {
        "instance": null,
        "key": undefined,
        "nodeType": "host",
        "props": Object {},
        "ref": null,
        "rendered": null,
        "type": "br",
      },
      Object {
        "instance": null,
        "key": undefined,
        "nodeType": "host",
        "props": Object {
          "children": <p>
            projects.supports_any_book
          </p>,
          "style": Object {
            "alignItems": "center",
            "display": "flex",
            "justifyContent": "center",
            "padding": "20px 20px 0px",
          },
        },
        "ref": null,
        "rendered": Object {
          "instance": null,
          "key": undefined,
          "nodeType": "host",
          "props": Object {
            "children": "projects.supports_any_book",
          },
          "ref": null,
          "rendered": "projects.supports_any_book",
          "type": "p",
        },
        "type": "div",
      },
      Object {
        "instance": null,
        "key": undefined,
        "nodeType": "class",
        "props": Object {
          "handleURLInputChange": [Function],
          "importLink": "",
          "translate": [Function],
        },
        "ref": null,
        "rendered": null,
        "type": [Function],
      },
      Object {
        "instance": null,
        "key": undefined,
        "nodeType": "class",
        "props": Object {
          "actions": Object {
            "closeOnlineImportModal": [Function],
            "handleURLInputChange": [Function],
            "loadProjectFromLink": [Function],
            "searchReposByQuery": [Function],
            "searchReposByUser": [Function],
          },
          "importLink": "",
          "translate": [Function],
          "username": "manny-test",
        },
        "ref": null,
        "rendered": null,
        "type": [Function],
      },
      Object {
        "instance": null,
        "key": undefined,
        "nodeType": "function",
        "props": Object {
          "handleURLInputChange": [Function],
          "importLink": "",
          "repos": Array [
            Object {
              "clone_url": "https://git.door43.org/manny-test/hi_tit_text_reg.git",
              "description": "ts-desktop: hi_tit_text_reg",
              "full_name": "manny-test/hi_tit_text_reg",
              "html_url": "https://git.door43.org/manny-test/hi_tit_text_reg",
              "id": 11341,
              "name": "hi_tit_text_reg",
              "owner": Object {
                "avatar_url": "https://secure.gravatar.com/avatar/c7dd170301474c6fedfe344f7a095a05",
                "email": "manny-test@noreply.door43.org",
                "full_name": "manny test",
                "id": 4989,
                "login": "manny-test",
                "username": "manny-test",
              },
              "ssh_url": "git@git.door43.org:manny-test/hi_tit_text_reg.git",
            },
          ],
          "translate": [Function],
        },
        "ref": null,
        "rendered": null,
        "type": [Function],
      },
    ],
    "type": [Function],
  },
  Symbol(enzyme.__nodes__): Array [
    Object {
      "instance": null,
      "key": undefined,
      "nodeType": "class",
      "props": Object {
        "actions": Array [
          <button
            className="btn-second"
            label="buttons.cancel_button"
            onClick={[Function]}
          >
            buttons.cancel_button
          </button>,
          <button
            className="btn-prime"
            disabled={true}
            label="buttons.import_button"
            onClick={[Function]}
          >
            <Glyphicon
              bsClass="glyphicon"
              glyph="cloud-download"
              style={Object {}}
            />
             
            buttons.import_button
          </button>,
        ],
        "autoDetectWindowHeight": true,
        "autoScrollBodyContent": true,
        "children": Array [
          <CardHeader
            avatar={null}
            style={
              Object {
                "backgroundColor": "var(--accent-color-dark)",
                "color": "var(--reverse-color)",
                "margin": "-44px -24px -24px -24px",
                "padding": "15px",
              }
            }
          >
            <div>
              <span>
                projects.import_from_d43
              </span>
              <Glyphicon
                bsClass="glyphicon"
                glyph="remove"
                onClick={[Function]}
                style={
                  Object {
                    "color": "var(--reverse-color)",
                    "cursor": "pointer",
                    "float": "right",
                    "fontSize": "18px",
                  }
                }
              />
            </div>
          </CardHeader>,
          <br />,
          <div
            style={
              Object {
                "alignItems": "center",
                "display": "flex",
                "justifyContent": "center",
                "padding": "20px 20px 0px",
              }
            }
          >
            <p>
              projects.supports_any_book
            </p>
          </div>,
          <URLInput
            handleURLInputChange={[Function]}
            importLink=""
            translate={[Function]}
          />,
          <SearchOptions
            actions={
              Object {
                "closeOnlineImportModal": [Function],
                "handleURLInputChange": [Function],
                "loadProjectFromLink": [Function],
                "searchReposByQuery": [Function],
                "searchReposByUser": [Function],
              }
            }
            importLink=""
            translate={[Function]}
            username="manny-test"
          />,
          <SearchResults
            handleURLInputChange={[Function]}
            importLink=""
            repos={
              Array [
                Object {
                  "clone_url": "https://git.door43.org/manny-test/hi_tit_text_reg.git",
                  "description": "ts-desktop: hi_tit_text_reg",
                  "full_name": "manny-test/hi_tit_text_reg",
                  "html_url": "https://git.door43.org/manny-test/hi_tit_text_reg",
                  "id": 11341,
                  "name": "hi_tit_text_reg",
                  "owner": Object {
                    "avatar_url": "https://secure.gravatar.com/avatar/c7dd170301474c6fedfe344f7a095a05",
                    "email": "manny-test@noreply.door43.org",
                    "full_name": "manny test",
                    "id": 4989,
                    "login": "manny-test",
                    "username": "manny-test",
                  },
                  "ssh_url": "git@git.door43.org:manny-test/hi_tit_text_reg.git",
                },
              ]
            }
            translate={[Function]}
          />,
        ],
        "contentStyle": Object {
          "height": "100%",
          "maxWidth": "900px",
          "width": "900px",
        },
        "modal": false,
        "open": true,
        "repositionOnUpdate": true,
        "style": Object {
          "padding": "0px",
        },
      },
      "ref": null,
      "rendered": Array [
        Object {
          "instance": null,
          "key": undefined,
          "nodeType": "class",
          "props": Object {
            "avatar": null,
            "children": <div>
              <span>
                projects.import_from_d43
              </span>
              <Glyphicon
                bsClass="glyphicon"
                glyph="remove"
                onClick={[Function]}
                style={
                  Object {
                    "color": "var(--reverse-color)",
                    "cursor": "pointer",
                    "float": "right",
                    "fontSize": "18px",
                  }
                }
              />
            </div>,
            "style": Object {
              "backgroundColor": "var(--accent-color-dark)",
              "color": "var(--reverse-color)",
              "margin": "-44px -24px -24px -24px",
              "padding": "15px",
            },
          },
          "ref": null,
          "rendered": Object {
            "instance": null,
            "key": undefined,
            "nodeType": "host",
            "props": Object {
              "children": Array [
                <span>
                  projects.import_from_d43
                </span>,
                <Glyphicon
                  bsClass="glyphicon"
                  glyph="remove"
                  onClick={[Function]}
                  style={
                    Object {
                      "color": "var(--reverse-color)",
                      "cursor": "pointer",
                      "float": "right",
                      "fontSize": "18px",
                    }
                  }
                />,
              ],
            },
            "ref": null,
            "rendered": Array [
              Object {
                "instance": null,
                "key": undefined,
                "nodeType": "host",
                "props": Object {
                  "children": "projects.import_from_d43",
                },
                "ref": null,
                "rendered": "projects.import_from_d43",
                "type": "span",
              },
              Object {
                "instance": null,
                "key": undefined,
                "nodeType": "class",
                "props": Object {
                  "bsClass": "glyphicon",
                  "glyph": "remove",
                  "onClick": [Function],
                  "style": Object {
                    "color": "var(--reverse-color)",
                    "cursor": "pointer",
                    "float": "right",
                    "fontSize": "18px",
                  },
                },
                "ref": null,
                "rendered": null,
                "type": [Function],
              },
            ],
            "type": "div",
          },
          "type": [Function],
        },
        Object {
          "instance": null,
          "key": undefined,
          "nodeType": "host",
          "props": Object {},
          "ref": null,
          "rendered": null,
          "type": "br",
        },
        Object {
          "instance": null,
          "key": undefined,
          "nodeType": "host",
          "props": Object {
            "children": <p>
              projects.supports_any_book
            </p>,
            "style": Object {
              "alignItems": "center",
              "display": "flex",
              "justifyContent": "center",
              "padding": "20px 20px 0px",
            },
          },
          "ref": null,
          "rendered": Object {
            "instance": null,
            "key": undefined,
            "nodeType": "host",
            "props": Object {
              "children": "projects.supports_any_book",
            },
            "ref": null,
            "rendered": "projects.supports_any_book",
            "type": "p",
          },
          "type": "div",
        },
        Object {
          "instance": null,
          "key": undefined,
          "nodeType": "class",
          "props": Object {
            "handleURLInputChange": [Function],
            "importLink": "",
            "translate": [Function],
          },
          "ref": null,
          "rendered": null,
          "type": [Function],
        },
        Object {
          "instance": null,
          "key": undefined,
          "nodeType": "class",
          "props": Object {
            "actions": Object {
              "closeOnlineImportModal": [Function],
              "handleURLInputChange": [Function],
              "loadProjectFromLink": [Function],
              "searchReposByQuery": [Function],
              "searchReposByUser": [Function],
            },
            "importLink": "",
            "translate": [Function],
            "username": "manny-test",
          },
          "ref": null,
          "rendered": null,
          "type": [Function],
        },
        Object {
          "instance": null,
          "key": undefined,
          "nodeType": "function",
          "props": Object {
            "handleURLInputChange": [Function],
            "importLink": "",
            "repos": Array [
              Object {
                "clone_url": "https://git.door43.org/manny-test/hi_tit_text_reg.git",
                "description": "ts-desktop: hi_tit_text_reg",
                "full_name": "manny-test/hi_tit_text_reg",
                "html_url": "https://git.door43.org/manny-test/hi_tit_text_reg",
                "id": 11341,
                "name": "hi_tit_text_reg",
                "owner": Object {
                  "avatar_url": "https://secure.gravatar.com/avatar/c7dd170301474c6fedfe344f7a095a05",
                  "email": "manny-test@noreply.door43.org",
                  "full_name": "manny test",
                  "id": 4989,
                  "login": "manny-test",
                  "username": "manny-test",
                },
                "ssh_url": "git@git.door43.org:manny-test/hi_tit_text_reg.git",
              },
            ],
            "translate": [Function],
          },
          "ref": null,
          "rendered": null,
          "type": [Function],
        },
      ],
      "type": [Function],
    },
  ],
  Symbol(enzyme.__options__): Object {
    "adapter": ReactSixteenAdapter {
      "options": Object {
        "enableComponentDidUpdateOnSetState": true,
        "legacyContextMode": "parent",
        "lifecycles": Object {
          "componentDidUpdate": Object {
            "onSetState": true,
          },
          "getChildContext": Object {
            "calledByRenderer": false,
          },
          "getDerivedStateFromProps": true,
          "getSnapshotBeforeUpdate": true,
          "setState": Object {
            "skipsComponentDidUpdateOnNullish": true,
          },
        },
      },
    },
  },
}
`;
